Tue May 13 01:02:51 EEST 2025
github.com/AlDanial/cloc v 2.04  T=0.03 s (1869.4 files/s, 87746.1 lines/s)
-------------------------------------------------------------------------------
Language                     files          blank        comment           code
-------------------------------------------------------------------------------
Go                               9            116             19            611
Svelte                           7             57              2            413
CSS                              3             69             35            393
TypeScript                      14             42             13            290
YAML                             4              0              0             58
JSON                             3              0              0             56
Markdown                         2             19              0             44
Mustache                         1              0              0             18
HTML                             1              3              0             13
JavaScript                       1              2              0             11
Bourne Shell                     3              4              1             10
Text                             1              0              0              1
-------------------------------------------------------------------------------
SUM:                            49            312             70           1918
-------------------------------------------------------------------------------

Wed May 14 01:39:51 EEST 2025
github.com/AlDanial/cloc v 2.04  T=0.03 s (1536.9 files/s, 81302.2 lines/s)
-------------------------------------------------------------------------------
Language                     files          blank        comment           code
-------------------------------------------------------------------------------
Go                               9            135              1            686
Svelte                           7             66              2            559
TypeScript                      16             51             15            386
CSS                              3             63             33            326
JSON                             3              0              0             56
TOML                             1              6              0             46
YAML                             3              0              0             46
Markdown                         2             19              0             44
Text                             1              2              0             42
Mustache                         1              0              0             18
HTML                             1              1              0             13
Bourne Shell                     2              4              1             11
JavaScript                       1              2              0             11
-------------------------------------------------------------------------------
SUM:                            50            349             52           2244
-------------------------------------------------------------------------------


Thu May 15 23:28:17 EEST 2025
github.com/AlDanial/cloc v 2.04  T=0.03 s (1890.1 files/s, 93561.8 lines/s)
-------------------------------------------------------------------------------
Language                     files          blank        comment           code
-------------------------------------------------------------------------------
Go                              13            213             11            970
Svelte                           8             61              7            608
TypeScript                      16             54             15            414
CSS                              7             57             32            363
YAML                             7              0              0            118
JSON                             5              0              0             67
TOML                             1              6              0             46
Markdown                         2             19              0             45
Mustache                         1              0              0             18
HTML                             1              1              0             13
Bourne Shell                     2              4              1             12
JavaScript                       1              2              0             11
-------------------------------------------------------------------------------
SUM:                            64            417             66           2685
-------------------------------------------------------------------------------
Sun May 18 18:47:49 EEST 2025
github.com/AlDanial/cloc v 2.04  T=0.04 s (1632.0 files/s, 83900.3 lines/s)
-------------------------------------------------------------------------------
Language                     files          blank        comment           code
-------------------------------------------------------------------------------
Go                              15            240             17           1067
Svelte                          13             98              8            974
CSS                              7             59             31            363
TypeScript                      16             51             18            358
YAML                             7              0              0            118
JSON                             5              0              0             67
TOML                             1              6              0             46
Markdown                         2             19              0             45
Mustache                         1              0              0             18
JavaScript                       1              2              0             14
HTML                             1              1              0             13
Bourne Shell                     2              4              1             12
-------------------------------------------------------------------------------
SUM:                            71            480             75           3095
-------------------------------------------------------------------------------
